// Jest Snapshot v1, https://goo.gl/fbAQLP

exports[`Container Snapshot 1`] = `
<div
  className="MuiContainer-root MuiContainer-maxWidthLg"
>
  Some children
</div>
`;
