// Jest Snapshot v1, https://goo.gl/fbAQLP

exports[`Box Snapshot 1`] = `
<div
  className="MuiBox-root MuiBox-root-2"
/>
`;
