// Jest Snapshot v1, https://goo.gl/fbAQLP

exports[`AppBar Snapshot 1`] = `
<header
  className="MuiPaper-root MuiPaper-elevation4 MuiAppBar-root MuiAppBar-positionFixed MuiAppBar-colorPrimary mui-fixed"
/>
`;
