// Jest Snapshot v1, https://goo.gl/fbAQLP

exports[`Toolbar Snapshot 1`] = `
<div
  className="MuiToolbar-root MuiToolbar-regular MuiToolbar-gutters"
/>
`;
